context/AuthContext.tsx(1,8): error TS1259: Module '"C:/Users/User/Documents/finale_projrct/ticket_booking_complete_project/Ticket-Booking-Expo-App/node_modules/@types/react/index"' can only be default-imported using the 'esModuleInterop' flag
context/AuthContext.tsx(108,50): error TS2339: Property 'content' does not exist on type 'LoginResponseDTO'.
context/AuthContext.tsx(160,43): error TS2339: Property '_status' does not exist on type 'LoginResponseDTO'.
context/AuthContext.tsx(172,32): error TS2339: Property 'code' does not exist on type 'LoginResponseDTO'.
context/AuthContext.tsx(173,26): error TS2339: Property 'code' does not exist on type 'ApiResponse<LoginResponseDTO>'.
context/AuthContext.tsx(364,9): error TS17004: Cannot use JSX unless the '--jsx' flag is provided.
context/AuthContext.tsx(364,10): error TS2786: 'AuthContext.Provider' cannot be used as a JSX component.
  Its type 'Provider<AuthContextType>' is not a valid JSX element type.
    Type 'ProviderExoticComponent<ProviderProps<AuthContextType>>' is not assignable to type '(props: any, deprecatedLegacyContext?: any) => ReactNode'.
      Type 'React.ReactNode' is not assignable to type 'import("C:/Users/User/Documents/finale_projrct/ticket_booking_complete_project/Ticket-Booking-Expo-App/node_modules/@types/react-test-renderer/node_modules/@types/react/index").ReactNode'.
        Type 'bigint' is not assignable to type 'ReactNode'.
